B:\Brahadeesh\Projects\KallaPetty\Backend\node_modules\ts-node\src\index.ts:859
    return new TSError(diagnosticText, diagnosticCodes, diagnostics);
           ^
TSError: ⨯ Unable to compile TypeScript:
[96msrc/controllers/supplier.controller.ts[0m:[93m208[0m:[93m48[0m - [91merror[0m[90m TS2304: [0mCannot find name 'payload'.

[7m208[0m           await sql`UPDATE suppliers SET ${sql(payload, 'name', 'phone', 'gst_number', 'address', 'outstanding_balance', 'opening_balance', 'opening_balance_type')} WHERE id = ${existingId}`;
[7m   [0m [91m                                               ~~~~~~~[0m
[96msrc/controllers/supplier.controller.ts[0m:[93m211[0m:[93m49[0m - [91merror[0m[90m TS2304: [0mCannot find name 'payload'.

[7m211[0m           await sql`INSERT INTO suppliers ${sql(payload, 'name', 'phone', 'gst_number', 'address', 'outstanding_balance', 'opening_balance', 'opening_balance_type', 'business_id', 'created_by')}`;
[7m   [0m [91m                                                ~~~~~~~[0m

    at createTSError [90m(B:\Brahadeesh\Projects\KallaPetty\Backend\[39mnode_modules\[4mts-node[24m\src\index.ts:859:12[90m)[39m
    at reportTSError [90m(B:\Brahadeesh\Projects\KallaPetty\Backend\[39mnode_modules\[4mts-node[24m\src\index.ts:863:19[90m)[39m
    at getOutput [90m(B:\Brahadeesh\Projects\KallaPetty\Backend\[39mnode_modules\[4mts-node[24m\src\index.ts:1077:36[90m)[39m
    at Object.compile [90m(B:\Brahadeesh\Projects\KallaPetty\Backend\[39mnode_modules\[4mts-node[24m\src\index.ts:1433:41[90m)[39m
    at Module.m._compile [90m(B:\Brahadeesh\Projects\KallaPetty\Backend\[39mnode_modules\[4mts-node[24m\src\index.ts:1617:30[90m)[39m
[90m    at node:internal/modules/cjs/loader:1689:10[39m
    at Object.require.extensions.<computed> [as .ts] [90m(B:\Brahadeesh\Projects\KallaPetty\Backend\[39mnode_modules\[4mts-node[24m\src\index.ts:1621:12[90m)[39m
[90m    at Module.load (node:internal/modules/cjs/loader:1318:32)[39m
[90m    at Function._load (node:internal/modules/cjs/loader:1128:12)[39m
[90m    at TracingChannel.traceSync (node:diagnostics_channel:315:14)[39m
[90m    at wrapModuleLoad (node:internal/modules/cjs/loader:218:24)[39m
[90m    at Module.require (node:internal/modules/cjs/loader:1340:12)[39m
[90m    at require (node:internal/modules/helpers:141:16)[39m
    at Object.<anonymous> [90m(B:\Brahadeesh\Projects\KallaPetty\Backend\[39msrc\routes\supplier.routes.ts:2:1[90m)[39m
[90m    at Module._compile (node:internal/modules/cjs/loader:1546:14)[39m
    at Module.m._compile [90m(B:\Brahadeesh\Projects\KallaPetty\Backend\[39mnode_modules\[4mts-node[24m\src\index.ts:1618:23[90m)[39m {
  diagnosticCodes: [ [33m2304[39m, [33m2304[39m ]
}
[Error]: {"stack":"PostgresError: column \"allow_service_products\" does not exist\n    at ErrorResponse (B:\\Brahadeesh\\Projects\\KallaPetty\\Backend\\node_modules\\postgres\\cjs\\src\\connection.js:815:30)\n    at handle (B:\\Brahadeesh\\Projects\\KallaPetty\\Backend\\node_modules\\postgres\\cjs\\src\\connection.js:489:6)\n    at Socket.data (B:\\Brahadeesh\\Projects\\KallaPetty\\Backend\\node_modules\\postgres\\cjs\\src\\connection.js:324:9)\n    at Socket.emit (node:events:518:28)\n    at Socket.emit (node:domain:489:12)\n    at addChunk (node:internal/streams/readable:561:12)\n    at readableAddChunkPushByteMode (node:internal/streams/readable:512:3)\n    at Socket.Readable.push (node:internal/streams/readable:392:5)\n    at TCP.onStreamRead (node:internal/stream_base_commons:189:23)\n    at cachedError (B:\\Brahadeesh\\Projects\\KallaPetty\\Backend\\node_modules\\postgres\\cjs\\src\\query.js:170:23)\n    at new Query (B:\\Brahadeesh\\Projects\\KallaPetty\\Backend\\node_modules\\postgres\\cjs\\src\\query.js:36:24)\n    at sql (B:\\Brahadeesh\\Projects\\KallaPetty\\Backend\\node_modules\\postgres\\cjs\\src\\index.js:112:11)\n    at exportProducts (B:\\Brahadeesh\\Projects\\KallaPetty\\Backend\\src\\controllers\\product.controller.ts:175:40)","message":"column \"allow_service_products\" does not exist","name":"PostgresError","severity_local":"ERROR","severity":"ERROR","code":"42703","position":"8","file":"parse_relation.c","line":"3721","routine":"errorMissingColumn","query":"SELECT allow_service_products FROM shops WHERE id = $1","parameters":["09aa1a5a-f5e6-4b00-8976-27546ac67f33"],"args":["09aa1a5a-f5e6-4b00-8976-27546ac67f33"],"types":[0]}
[Error]: {"stack":"PostgresError: column \"allow_service_products\" does not exist\n    at ErrorResponse (B:\\Brahadeesh\\Projects\\KallaPetty\\Backend\\node_modules\\postgres\\cjs\\src\\connection.js:815:30)\n    at handle (B:\\Brahadeesh\\Projects\\KallaPetty\\Backend\\node_modules\\postgres\\cjs\\src\\connection.js:489:6)\n    at Socket.data (B:\\Brahadeesh\\Projects\\KallaPetty\\Backend\\node_modules\\postgres\\cjs\\src\\connection.js:324:9)\n    at Socket.emit (node:events:518:28)\n    at Socket.emit (node:domain:489:12)\n    at addChunk (node:internal/streams/readable:561:12)\n    at readableAddChunkPushByteMode (node:internal/streams/readable:512:3)\n    at Socket.Readable.push (node:internal/streams/readable:392:5)\n    at TCP.onStreamRead (node:internal/stream_base_commons:189:23)\n    at cachedError (B:\\Brahadeesh\\Projects\\KallaPetty\\Backend\\node_modules\\postgres\\cjs\\src\\query.js:170:23)\n    at new Query (B:\\Brahadeesh\\Projects\\KallaPetty\\Backend\\node_modules\\postgres\\cjs\\src\\query.js:36:24)\n    at sql (B:\\Brahadeesh\\Projects\\KallaPetty\\Backend\\node_modules\\postgres\\cjs\\src\\index.js:112:11)\n    at exportProducts (B:\\Brahadeesh\\Projects\\KallaPetty\\Backend\\src\\controllers\\product.controller.ts:175:40)","message":"column \"allow_service_products\" does not exist","name":"PostgresError","severity_local":"ERROR","severity":"ERROR","code":"42703","position":"8","file":"parse_relation.c","line":"3721","routine":"errorMissingColumn","query":"SELECT allow_service_products FROM shops WHERE id = $1","parameters":["09aa1a5a-f5e6-4b00-8976-27546ac67f33"],"args":["09aa1a5a-f5e6-4b00-8976-27546ac67f33"],"types":[0]}
[Error]: {"stack":"PostgresError: column \"allow_service_products\" does not exist\n    at ErrorResponse (B:\\Brahadeesh\\Projects\\KallaPetty\\Backend\\node_modules\\postgres\\cjs\\src\\connection.js:815:30)\n    at handle (B:\\Brahadeesh\\Projects\\KallaPetty\\Backend\\node_modules\\postgres\\cjs\\src\\connection.js:489:6)\n    at Socket.data (B:\\Brahadeesh\\Projects\\KallaPetty\\Backend\\node_modules\\postgres\\cjs\\src\\connection.js:324:9)\n    at Socket.emit (node:events:518:28)\n    at Socket.emit (node:domain:489:12)\n    at addChunk (node:internal/streams/readable:561:12)\n    at readableAddChunkPushByteMode (node:internal/streams/readable:512:3)\n    at Socket.Readable.push (node:internal/streams/readable:392:5)\n    at TCP.onStreamRead (node:internal/stream_base_commons:189:23)\n    at cachedError (B:\\Brahadeesh\\Projects\\KallaPetty\\Backend\\node_modules\\postgres\\cjs\\src\\query.js:170:23)\n    at new Query (B:\\Brahadeesh\\Projects\\KallaPetty\\Backend\\node_modules\\postgres\\cjs\\src\\query.js:36:24)\n    at sql (B:\\Brahadeesh\\Projects\\KallaPetty\\Backend\\node_modules\\postgres\\cjs\\src\\index.js:112:11)\n    at exportProducts (B:\\Brahadeesh\\Projects\\KallaPetty\\Backend\\src\\controllers\\product.controller.ts:175:40)","message":"column \"allow_service_products\" does not exist","name":"PostgresError","severity_local":"ERROR","severity":"ERROR","code":"42703","position":"8","file":"parse_relation.c","line":"3721","routine":"errorMissingColumn","query":"SELECT allow_service_products FROM shops WHERE id = $1","parameters":["09aa1a5a-f5e6-4b00-8976-27546ac67f33"],"args":["09aa1a5a-f5e6-4b00-8976-27546ac67f33"],"types":[0]}
[Error]: {"stack":"PostgresError: column \"allow_service_products\" does not exist\n    at ErrorResponse (B:\\Brahadeesh\\Projects\\KallaPetty\\Backend\\node_modules\\postgres\\cjs\\src\\connection.js:815:30)\n    at handle (B:\\Brahadeesh\\Projects\\KallaPetty\\Backend\\node_modules\\postgres\\cjs\\src\\connection.js:489:6)\n    at Socket.data (B:\\Brahadeesh\\Projects\\KallaPetty\\Backend\\node_modules\\postgres\\cjs\\src\\connection.js:324:9)\n    at Socket.emit (node:events:518:28)\n    at Socket.emit (node:domain:489:12)\n    at addChunk (node:internal/streams/readable:561:12)\n    at readableAddChunkPushByteMode (node:internal/streams/readable:512:3)\n    at Socket.Readable.push (node:internal/streams/readable:392:5)\n    at TCP.onStreamRead (node:internal/stream_base_commons:189:23)\n    at cachedError (B:\\Brahadeesh\\Projects\\KallaPetty\\Backend\\node_modules\\postgres\\cjs\\src\\query.js:170:23)\n    at new Query (B:\\Brahadeesh\\Projects\\KallaPetty\\Backend\\node_modules\\postgres\\cjs\\src\\query.js:36:24)\n    at sql (B:\\Brahadeesh\\Projects\\KallaPetty\\Backend\\node_modules\\postgres\\cjs\\src\\index.js:112:11)\n    at exportProducts (B:\\Brahadeesh\\Projects\\KallaPetty\\Backend\\src\\controllers\\product.controller.ts:175:40)","message":"column \"allow_service_products\" does not exist","name":"PostgresError","severity_local":"ERROR","severity":"ERROR","code":"42703","position":"8","file":"parse_relation.c","line":"3721","routine":"errorMissingColumn","query":"SELECT allow_service_products FROM shops WHERE id = $1","parameters":["09aa1a5a-f5e6-4b00-8976-27546ac67f33"],"args":["09aa1a5a-f5e6-4b00-8976-27546ac67f33"],"types":[0]}
